[egotype.design/work/web/html/kounter/index-waterpipe.html]
[backblue.gif]
[fade.gif]
[index.html]
[egotype.design/work/web/html/kounter/favicon.png]
[egotype.design/work/web/html/kounter/apple-touch-icon.png]
[egotype.design/work/web/html/kounter/favicon.ico]
[egotype.design/work/web/html/kounter/css/icons/linea.css]
[egotype.design/work/web/html/kounter/css/icons/font-awesome.css]
[egotype.design/work/web/html/kounter/css/plugins/bootstrap.min.css]
[egotype.design/work/web/html/kounter/css/plugins/loaders.min.css]
[egotype.design/work/web/html/kounter/css/plugins/photoswipe.css]
[egotype.design/work/web/html/kounter/css/icons/photoswipe/icons.css]
[egotype.design/work/web/html/kounter/css/style.css]
[egotype.design/work/web/html/kounter/css/responsive.css]
[egotype.design/work/web/html/kounter/images/logo-lg.png]
[egotype.design/work/web/html/kounter/images/about-image-5-lg.jpg]
[egotype.design/work/web/html/kounter/images/about-image-5.jpg]
[egotype.design/work/web/html/kounter/images/about-image-6-lg.jpg]
[egotype.design/work/web/html/kounter/images/about-image-6.jpg]
[egotype.design/work/web/html/kounter/images/about-image-7.jpg]
[egotype.design/work/web/html/kounter/images/about-image-8-lg.jpg]
[egotype.design/work/web/html/kounter/images/about-image-8.jpg]
[egotype.design/work/web/html/kounter/js/plugins/jquery1.11.2.min.js]
[egotype.design/work/web/html/kounter/js/plugins/scrollreveal.min.js]
[egotype.design/work/web/html/kounter/js/plugins/contact-form.js]
[egotype.design/work/web/html/kounter/js/plugins/newsletter-form.js]
[egotype.design/work/web/html/kounter/js/plugins/jquery.ajaxchimp.min.js]
[egotype.design/work/web/html/kounter/js/plugins/photoswipe/photoswipe.min.js]
[egotype.design/work/web/html/kounter/js/plugins/photoswipe/photoswipe-ui-default.min.js]
[egotype.design/work/web/html/kounter/js/plugins/jquery.countdown.min.js]
[egotype.design/work/web/html/kounter/js/plugins/waterpipe.js]
[egotype.design/work/web/html/kounter/js/plugins/prefixfree.min.js]
[egotype.design/work/web/html/kounter/js/custom.js]
[www.google-analytics.com/analytics.js]
[egotype.design/work/web/html/kounter/index-waterpipe.html]
[egotype.design/work/web/html/kounter/css/plugins/bootstrap.min.css]
[egotype.design/work/web/html/kounter/fonts/font-awesome/fontawesome-webfontd41d.eot]
[egotype.design/work/web/html/kounter/fonts/font-awesome/fontawesome-webfont3e6e.woff]
[egotype.design/work/web/html/kounter/css/icons/font-awesome.css]
[egotype.design/work/web/html/kounter/fonts/linea/linea.eot]
[egotype.design/work/web/html/kounter/fonts/linea/linea.woff]
[egotype.design/work/web/html/kounter/css/icons/linea.css]
[egotype.design/work/web/html/kounter/css/plugins/loaders.min.css]
[egotype.design/work/web/html/kounter/css/plugins/photoswipe.css]
[egotype.design/work/web/html/kounter/css/icons/photoswipe/icons.png]
[egotype.design/work/web/html/kounter/css/icons/photoswipe/preloader.gif]
[egotype.design/work/web/html/kounter/css/icons/photoswipe/icons.css]
[egotype.design/work/web/html/kounter/fonts/montserrat/Montserrat-ExtraLight.woff]
[egotype.design/work/web/html/kounter/fonts/montserrat/Montserrat-ExtraLight.ttf]
[egotype.design/work/web/html/kounter/fonts/montserrat/Montserrat-Medium.woff]
[egotype.design/work/web/html/kounter/fonts/montserrat/Montserrat-Medium.ttf]
[egotype.design/work/web/html/kounter/fonts/montserrat/Montserrat-Bold.woff]
[egotype.design/work/web/html/kounter/images/page-image.jpg]
[egotype.design/work/web/html/kounter/images/page-image-3.jpg]
[egotype.design/work/web/html/kounter/images/page-image-bw.jpg]
[egotype.design/work/web/html/kounter/images/page-slide-1.jpg]
[egotype.design/work/web/html/kounter/images/page-slide-2.jpg]
[egotype.design/work/web/html/kounter/images/page-slide-3.jpg]
[egotype.design/work/web/html/kounter/css/style.css]
[egotype.design/work/web/html/kounter/css/responsive.css]
[egotype.design/work/web/html/kounter/images/about-image-7-lg.jpg]
[egotype.design/work/web/html/kounter/css/fonts/glyphicons-halflings-regular.html]
[egotype.design/work/web/html/kounter/css/fonts/glyphicons-halflings-regulard41d.html]
[egotype.design/work/web/html/kounter/css/fonts/glyphicons-halflings-regular-2.html]
[egotype.design/work/web/html/kounter/css/fonts/glyphicons-halflings-regular-3.html]
[egotype.design/work/web/html/kounter/css/fonts/glyphicons-halflings-regular-4.html]
[egotype.design/work/web/html/kounter/css/fonts/glyphicons-halflings-regular-5.html]
[egotype.design/work/web/html/kounter/js/plugins/bootstrap.min.js]
[egotype.design/work/web/html/kounter/fonts/font-awesome/fontawesome-webfont3e6e.html]
[egotype.design/work/web/html/kounter/fonts/font-awesome/fontawesome-webfont3e6e.eot]
[egotype.design/work/web/html/kounter/fonts/font-awesome/fontawesome-webfont3e6e.svg]
[egotype.design/work/web/html/kounter/fonts/linea/linead41d.eot]
[egotype.design/work/web/html/kounter/fonts/linea/linea.ttf]
[egotype.design/work/web/html/kounter/css/icons/photoswipe/icons.svg]
[egotype.design/work/web/html/kounter/fonts/montserrat/Montserrat-Medium.html]
[egotype.design/work/web/html/kounter/fonts/montserrat/Montserrat-Bold.html]
[egotype.design/work/web/html/kounter/fonts/montserrat/Montserrat-Bold.ttf]
[egotype.design/work/web/html/kounter/images/page-image-2.jpg]
[egotype.design/work/web/html/kounter/images/page-image-4.jpg]
[egotype.design/work/web/html/kounter/images/page-image-bw.jpg]
[egotype.design/work/web/html/kounter/fonts/linea/linea.svg]
[egotype.design/work/web/html/kounter/fonts/montserrat/Montserrat-ExtraLight.woff2]
[egotype.design/work/web/html/kounter/css/fonts/font-awesome/fontawesome-webfont3e6e.ttf]
