[www.preview.altcoin.io/assets/images/fav-icon.jpg]
[backblue.gif]
[fade.gif]
[index.html]
[www.preview.altcoin.io/assets/css/bootstrap.min.css]
[www.preview.altcoin.io/assets/css/core.css]
[www.preview.altcoin.io/assets/css/components.css]
[www.preview.altcoin.io/assets/css/pages.css]
[www.preview.altcoin.io/assets/css/menu.css]
[www.preview.altcoin.io/assets/css/icons.css]
[www.preview.altcoin.io/assets/css/responsive.css]
[www.preview.altcoin.io/assets/js/modernizr.min.js]
[www.preview.altcoin.io/assets/dist/gridstack.css]
[ajax.googleapis.com/ajax/libs/jquery/1.11.1/jquery.min.js]
[maxcdn.bootstrapcdn.com/bootstrap/3.2.0/js/bootstrap.min.js]
[cdnjs.cloudflare.com/ajax/libs/lodash.js/3.5.0/lodash.min.js]
[cdnjs.cloudflare.com/ajax/libs/jqueryui/1.11.0/jquery-ui.js]
[www.preview.altcoin.io/assets/dist/gridstack.js]
[www.preview.altcoin.io/assets/dist/gridstack.jQueryUI.js]
[www.preview.altcoin.io/charting_library/charting_library.min.js]
[www.preview.altcoin.io/charting_library/datafeed/udf/datafeed.js]
[s3.tradingview.com/tv.js]
[www.preview.altcoin.io/assets/images/logo.png]
[www.preview.altcoin.io/assets/images/noti-icon.png]
[www.preview.altcoin.io/assets/images/pro-icon.png]
[www.preview.altcoin.io/assets/images/icon.png]
[www.preview.altcoin.io/assets/images/icon2.png]
[www.preview.altcoin.io/assets/images/trig.png]
[www.preview.altcoin.io/assets/js/bootstrap.min.js]
[www.preview.altcoin.io/assets/js/detect.js]
[www.preview.altcoin.io/assets/js/fastclick.js]
[www.preview.altcoin.io/assets/js/jquery.slimscroll.js]
[www.preview.altcoin.io/assets/js/jquery.blockUI.js]
[www.preview.altcoin.io/assets/js/waves.js]
[www.preview.altcoin.io/assets/js/wow.min.js]
[www.preview.altcoin.io/assets/js/jquery.nicescroll.js]
[www.preview.altcoin.io/assets/js/jquery.scrollTo.min.js]
[www.preview.altcoin.io/assets/plugins/bootstrap-wizard/jquery.bootstrap.wizard.js]
[www.preview.altcoin.io/assets/plugins/jquery-validation/dist/jquery.validate.min.js]
[www.preview.altcoin.io/assets/js/jquery.core.js]
[www.preview.altcoin.io/assets/js/jquery.app.js]
[static.cryptowat.ch/assets/scripts/embed.bundle.js]
[fast.appcues.com/28668.js]
[www.preview.altcoin.io/index.html]
[www.preview.altcoin.io/assets/fonts/glyphicons-halflings-regular.eot]
[www.preview.altcoin.io/assets/fonts/glyphicons-halflings-regulard41d.eot]
[www.preview.altcoin.io/assets/fonts/glyphicons-halflings-regular.woff2]
[www.preview.altcoin.io/assets/fonts/glyphicons-halflings-regular.woff]
[www.preview.altcoin.io/assets/css/bootstrap.min.css]
[www.preview.altcoin.io/assets/css/core.css]
[www.preview.altcoin.io/assets/css/components.css]
[www.preview.altcoin.io/assets/fonts/glyphicons-halflings-regular.ttf]
[www.preview.altcoin.io/assets/fonts/glyphicons-halflings-regular.svg]
[www.preview.altcoin.io/assets/fonts/fontawesome-webfont3295.eot]
[www.preview.altcoin.io/assets/fonts/fontawesome-webfontd41d.eot]
[www.preview.altcoin.io/assets/fonts/fontawesome-webfont3295.woff2]
[www.preview.altcoin.io/assets/fonts/fontawesome-webfont3295.woff]
[www.preview.altcoin.io/assets/fonts/fontawesome-webfont3295.ttf]
[www.preview.altcoin.io/assets/fonts/themify9f24.eot]
[www.preview.altcoin.io/assets/fonts/fontawesome-webfont3295.svg]
[www.preview.altcoin.io/assets/fonts/themifyd41d.eot]
[www.preview.altcoin.io/assets/fonts/themify9f24.woff]
[www.preview.altcoin.io/assets/fonts/Material-Design-Iconic-Fontd1f1.woff2]
[www.preview.altcoin.io/assets/fonts/themify9f24.ttf]
[www.preview.altcoin.io/assets/fonts/Material-Design-Iconic-Fontd1f1.woff]
[www.preview.altcoin.io/assets/css/icons.css]
[www.preview.altcoin.io/assets/css/pages.css]
[www.preview.altcoin.io/assets/css/menu.css]
[www.preview.altcoin.io/assets/css/responsive.css]
[www.preview.altcoin.io/assets/dist/gridstack.css]
[www.preview.altcoin.io/assets/images/avatar-1.html]
[www.preview.altcoin.io/assets/fonts/glyphicons-halflings-regular.svg]
[www.preview.altcoin.io/assets/fonts/fontawesome-webfont3295.svg]
[www.preview.altcoin.io/assets/fonts/Material-Design-Iconic-Fontd1f1.ttf]
[www.preview.altcoin.io/assets/fonts/themify9f24.svg]
[www.preview.altcoin.io/assets/fonts/themify9f24.svg]
[www.preview.altcoin.io/assets/images/multiple-arrow.html]
[www.preview.altcoin.io/assets/images/big/bg1.html]
